n/neg-0116.jpg
n/neg-0118.jpg
n/neg-0119.jpg
n/neg-0112.jpg
n/neg-0113.jpg
n/neg-0114.jpg
n/neg-0115.jpg
n/neg-0001.jpg
n/neg-0108.jpg
n/neg-0109.jpg
n/neg-0110.jpg
n/neg-0111.jpg
n/neg-0106.jpg
n/neg-0107.jpg
n/neg-0104.jpg
n/neg-0105.jpg
n/neg-0103.jpg
n/neg-0101.jpg
n/neg-0100.jpg
n/neg-0102.jpg
n/neg-0097.jpg
n/neg-0096.jpg
n/neg-0098.jpg
n/neg-0099.jpg
n/neg-0092.jpg
n/neg-0093.jpg
n/neg-0094.jpg
n/neg-0095.jpg
n/neg-0084.jpg
n/neg-0085.jpg
n/neg-0086.jpg
n/neg-0087.jpg
n/neg-0080.jpg
n/neg-0081.jpg
n/neg-0083.jpg
n/neg-0076.jpg
n/neg-0077.jpg
n/neg-0078.jpg
n/neg-0072.jpg
n/neg-0073.jpg
n/neg-0074.jpg
n/neg-0075.jpg
n/neg-0068.jpg
n/neg-0069.jpg
n/neg-0070.jpg
n/neg-0071.jpg
n/neg-0066.jpg
n/neg-0067.jpg
n/neg-0064.jpg
n/neg-0065.jpg
n/neg-0060.jpg
n/neg-0061.jpg
n/neg-0062.jpg
n/neg-0057.jpg
n/neg-0059.jpg
n/neg-0056.jpg
n/neg-0058.jpg
n/neg-0055.jpg
n/neg-0053.jpg
n/neg-0054.jpg
n/neg-0052.jpg
n/neg-0051.jpg
n/neg-0048.jpg
n/neg-0049.jpg
n/neg-0050.jpg
n/neg-0047.jpg
n/neg-0042.jpg
n/neg-0045.jpg
n/neg-0046.jpg
n/neg-0044.jpg
n/neg-0041.jpg
n/neg-0038.jpg
n/neg-0039.jpg
n/neg-0040.jpg
n/neg-0036.jpg
n/neg-0037.jpg
n/neg-0031.jpg
n/neg-0034.jpg
n/neg-0035.jpg
n/neg-0030.jpg
n/neg-0027.jpg
n/neg-0029.jpg
n/neg-0026.jpg
n/neg-0028.jpg
n/neg-0025.jpg
n/neg-0024.jpg
n/neg-0019.jpg
n/neg-0022.jpg
n/neg-0016.jpg
n/neg-0013.jpg
n/neg-0015.jpg
n/neg-0012.jpg
n/neg-0010.jpg
n/neg-0011.jpg
n/neg-0009.jpg
n/neg-0006.jpg
n/neg-0007.jpg
n/neg-0004.jpg
n/neg-0003.jpg
n/neg-0005.jpg
n/UMD_100.jpg
n/UMD_098.jpg
n/UMD_099.jpg
n/UMD_097.jpg
n/UMD_095.jpg
n/UMD_096.jpg
n/UMD_094.jpg
n/UMD_093.jpg
n/UMD_091.jpg
n/UMD_092.jpg
n/UMD_090.jpg
n/UMD_089.jpg
n/UMD_088.jpg
n/UMD_085.jpg
n/UMD_086.jpg
n/UMD_087.jpg
n/UMD_083.jpg
n/UMD_084.jpg
n/UMD_082.jpg
n/UMD_081.jpg
n/UMD_078.jpg
n/UMD_080.jpg
n/UMD_079.jpg
n/UMD_077.jpg
n/UMD_075.jpg
n/UMD_076.jpg
n/UMD_073.jpg
n/UMD_074.jpg
n/UMD_072.jpg
n/UMD_071.jpg
n/UMD_070.jpg
n/UMD_069.jpg
n/UMD_068.jpg
n/UMD_067.jpg
n/UMD_066.jpg
n/UMD_065.jpg
n/UMD_063.jpg
n/UMD_064.jpg
n/UMD_062.jpg
n/UMD_061.jpg
n/UMD_060.jpg
n/UMD_058.jpg
n/UMD_057.jpg
n/UMD_059.jpg
n/UMD_054.jpg
n/UMD_055.jpg
n/UMD_056.jpg
n/UMD_051.jpg
n/UMD_052.jpg
n/UMD_053.jpg
n/UMD_050.jpg
n/UMD_048.jpg
n/UMD_049.jpg
n/UMD_045.jpg
n/UMD_046.jpg
n/UMD_047.jpg
n/UMD_043.jpg
n/UMD_044.jpg
n/UMD_042.jpg
n/UMD_039.jpg
n/UMD_040.jpg
n/UMD_041.jpg
n/UMD_036.jpg
n/UMD_037.jpg
n/UMD_038.jpg
n/UMD_033.jpg
n/UMD_034.jpg
n/UMD_035.jpg
n/UMD_031.jpg
n/UMD_032.jpg
n/UMD_030.jpg
n/UMD_029.jpg
n/UMD_027.jpg
n/UMD_028.jpg
n/UMD_026.jpg
n/UMD_024.jpg
n/UMD_025.jpg
n/UMD_023.jpg
n/UMD_021.jpg
n/UMD_022.jpg
n/UMD_019.jpg
n/UMD_020.jpg
n/UMD_018.jpg
n/UMD_016.jpg
n/UMD_017.jpg
n/UMD_015.jpg
n/UMD_013.jpg
n/UMD_014.jpg
n/UMD_012.jpg
n/UMD_010.jpg
n/UMD_011.jpg
n/UMD_009.jpg
n/UMD_006.jpg
n/UMD_008.jpg
n/UMD_007.jpg
n/UMD_005.jpg
n/UMD_003.jpg
n/UMD_004.jpg
n/UMD_002.jpg
n/UMD_001.jpg